// Jest Snapshot v1, https://goo.gl/fbAQLP

exports[`Testing with Backlog data should match dom snapshot:-Backlog 1`] = `
<DocumentFragment>
  <div
    class="backlog"
  >
    <div
      class="backlog2"
    >
      <h3
        class=""
      >
        Backlog Issue
      </h3>
      <button
        type="submit"
      >
        Create Issue
      </button>
    </div>
    <div
      class="DataTable"
    >
      <div
        style="display: flex; flex-wrap: wrap; margin-top: 5px;"
      >
        <input
          class="searchInput"
          placeholder="Search Ticket"
          value=""
        />
        <div
          style="flex-direction: column; display: flex; margin-left: 10px;"
        >
          <label
            class="label"
          >
            Priority
          </label>
          <select
            class="selectOption"
            id="country"
          >
            <option
              value=""
            >
              None
            </option>
            <option
              value="LOW"
            >
              Low
            </option>
            <option
              value="MEDIUM"
            >
              Medium
            </option>
            <option
              value="HIGH"
            >
              High
            </option>
          </select>
        </div>
        <div
          style="flex-direction: column; display: flex; margin-left: 10px;"
        >
          <label
            class="label"
          >
            Status
          </label>
          <select
            class="selectOption"
            id="country"
          >
            <option
              value=""
            >
              None
            </option>
            <option
              value="OPEN"
            >
              Open
            </option>
            <option
              value="INPROGRESS"
            >
              In Progress
            </option>
            <option
              value="CLOSED"
            >
              Close
            </option>
          </select>
        </div>
      </div>
      <div
        style="overflow-x: auto;"
      >
        <table>
          <tbody>
            <tr>
              <th
                class="tableHeader"
                id="title"
              >
                <span
                  style="cursor: pointer;"
                >
                  Title
                </span>
              </th>
              <th
                class="tableHeader"
                id="description"
              >
                <span
                  style="cursor: pointer;"
                >
                  Description
                </span>
              </th>
              <th
                class="tableHeader"
                id="priority"
              >
                <span
                  style="cursor: pointer;"
                >
                  Priority
                </span>
              </th>
              <th
                class="tableHeader"
                id="status"
              >
                <span
                  style="cursor: pointer;"
                >
                  Status
                </span>
              </th>
              <th
                class="tableHeader"
                id="createdAt"
              >
                <span
                  style="cursor: pointer;"
                >
                  CreatedAt
                </span>
              </th>
              <th
                class="tableHeader"
                id="updatedAt"
              >
                <span
                  style="cursor: pointer;"
                >
                  UpdatedAt
                </span>
              </th>
              <th
                id="actionHeader"
              />
            </tr>
            <tr
              class="tableDataRow"
            >
              <td
                id="title"
              >
                create a ticket update  -61
              </td>
              <td
                id="description"
              >
                the update is from the ticket details page   the u...
              </td>
              <td
                id="priority"
              >
                LOW
              </td>
              <td
                id="status"
              >
                OPEN
              </td>
              <td
                id="createdAt"
              >
                18/6/2024
              </td>
              <td
                id="updatedAt"
              >
                15/7/2024
              </td>
              <td
                id="action"
                style="width: 1px; z-index: 5;"
              >
                ⋮
                <div
                  class="actionInDatatable"
                >
                  <button
                    class="actionButton"
                  >
                    Edit
                  </button>
                  <button
                    class="actionButton"
                  >
                    Delete
                  </button>
                </div>
              </td>
            </tr>
            <tr
              class="tableDataRow"
            >
              <td
                id="title"
              >
                ticket-702 testing is able to create a second numb...
              </td>
              <td
                id="description"
              >
                testing is replace to create a second number ticke...
              </td>
              <td
                id="priority"
              >
                LOW
              </td>
              <td
                id="status"
              >
                INPROGRESS
              </td>
              <td
                id="createdAt"
              >
                18/6/2024
              </td>
              <td
                id="updatedAt"
              >
                16/7/2024
              </td>
              <td
                id="action"
                style="width: 1px; z-index: 5;"
              >
                ⋮
                <div
                  class="actionInDatatable"
                >
                  <button
                    class="actionButton"
                  >
                    Edit
                  </button>
                  <button
                    class="actionButton"
                  >
                    Delete
                  </button>
                </div>
              </td>
            </tr>
            <tr
              class="tableDataRow"
            >
              <td
                id="title"
              >
                ticket-5-update
              </td>
              <td
                id="description"
              >
                1ticket-5-updated
              </td>
              <td
                id="priority"
              >
                LOW
              </td>
              <td
                id="status"
              >
                OPEN
              </td>
              <td
                id="createdAt"
              >
                18/6/2024
              </td>
              <td
                id="updatedAt"
              >
                15/7/2024
              </td>
              <td
                id="action"
                style="width: 1px; z-index: 5;"
              >
                ⋮
                <div
                  class="actionInDatatable"
                >
                  <button
                    class="actionButton"
                  >
                    Edit
                  </button>
                  <button
                    class="actionButton"
                  >
                    Delete
                  </button>
                </div>
              </td>
            </tr>
            <tr
              class="tableDataRow"
            >
              <td
                id="title"
              >
                ticket-20012
              </td>
              <td
                id="description"
              >
                ticket-20  update discription 
              </td>
              <td
                id="priority"
              >
                LOW
              </td>
              <td
                id="status"
              >
                OPEN
              </td>
              <td
                id="createdAt"
              >
                18/6/2024
              </td>
              <td
                id="updatedAt"
              >
                15/7/2024
              </td>
              <td
                id="action"
                style="width: 1px; z-index: 5;"
              >
                ⋮
                <div
                  class="actionInDatatable"
                >
                  <button
                    class="actionButton"
                  >
                    Edit
                  </button>
                  <button
                    class="actionButton"
                  >
                    Delete
                  </button>
                </div>
              </td>
            </tr>
            <tr
              class="tableDataRow"
            >
              <td
                id="title"
              >
                addTicket-17-12
              </td>
              <td
                id="description"
              >
                addTicket-17
              </td>
              <td
                id="priority"
              >
                LOW
              </td>
              <td
                id="status"
              >
                INPROGRESS
              </td>
              <td
                id="createdAt"
              >
                18/6/2024
              </td>
              <td
                id="updatedAt"
              >
                15/7/2024
              </td>
              <td
                id="action"
                style="width: 1px; z-index: 5;"
              >
                ⋮
                <div
                  class="actionInDatatable"
                >
                  <button
                    class="actionButton"
                  >
                    Edit
                  </button>
                  <button
                    class="actionButton"
                  >
                    Delete
                  </button>
                </div>
              </td>
            </tr>
          </tbody>
        </table>
      </div>
      <div
        class="pagginationContainer"
      >
        <span>
          <svg
            class="forwadAndBackWordIcon"
            fill="currentColor"
            height="1em"
            stroke="currentColor"
            stroke-width="0"
            viewBox="0 0 512 512"
            width="1em"
            xmlns="http://www.w3.org/2000/svg"
          >
            <path
              d="M459.5 440.6c9.5 7.9 22.8 9.7 34.1 4.4s18.4-16.6 18.4-29V96c0-12.4-7.2-23.7-18.4-29s-24.5-3.6-34.1 4.4L288 214.3V256v41.7L459.5 440.6zM256 352V256 128 96c0-12.4-7.2-23.7-18.4-29s-24.5-3.6-34.1 4.4l-192 160C4.2 237.5 0 246.5 0 256s4.2 18.5 11.5 24.6l192 160c9.5 7.9 22.8 9.7 34.1 4.4s18.4-16.6 18.4-29V352z"
            />
          </svg>
        </span>
        <button
          class="paginationPoint"
          style="background-color: blue; color: white;"
        >
          1
        </button>
        <span>
          <svg
            class="forwadAndBackWordIcon"
            fill="currentColor"
            height="1em"
            stroke="currentColor"
            stroke-width="0"
            viewBox="0 0 512 512"
            width="1em"
            xmlns="http://www.w3.org/2000/svg"
          >
            <path
              d="M52.5 440.6c-9.5 7.9-22.8 9.7-34.1 4.4S0 428.4 0 416V96C0 83.6 7.2 72.3 18.4 67s24.5-3.6 34.1 4.4L224 214.3V256v41.7L52.5 440.6zM256 352V256 128 96c0-12.4 7.2-23.7 18.4-29s24.5-3.6 34.1 4.4l192 160c7.3 6.1 11.5 15.1 11.5 24.6s-4.2 18.5-11.5 24.6l-192 160c-9.5 7.9-22.8 9.7-34.1 4.4s-18.4-16.6-18.4-29V352z"
            />
          </svg>
        </span>
      </div>
    </div>
  </div>
</DocumentFragment>
`;
