// Jest Snapshot v1, https://goo.gl/fbAQLP

exports[`Test Current User Ticket should match dom snapshot:-Backlog 1`] = `
<DocumentFragment>
  <div
    class="backlog"
  >
    <div
      class="backlog2"
    >
      <h3
        class=""
      >
        My Issue
      </h3>
      <button
        type="submit"
      >
        Create Issue
      </button>
    </div>
    <div
      class="DataTable"
    >
      <div
        style="display: flex; flex-wrap: wrap; margin-top: 5px;"
      >
        <input
          class="searchInput"
          placeholder="Search Ticket"
          value=""
        />
        <div
          style="flex-direction: column; display: flex; margin-left: 10px;"
        >
          <label
            class="label"
          >
            Priority
          </label>
          <select
            class="selectOption"
            id="country"
          >
            <option
              value=""
            >
              None
            </option>
            <option
              value="LOW"
            >
              Low
            </option>
            <option
              value="MEDIUM"
            >
              Medium
            </option>
            <option
              value="HIGH"
            >
              High
            </option>
          </select>
        </div>
        <div
          style="flex-direction: column; display: flex; margin-left: 10px;"
        >
          <label
            class="label"
          >
            Status
          </label>
          <select
            class="selectOption"
            id="country"
          >
            <option
              value=""
            >
              None
            </option>
            <option
              value="OPEN"
            >
              Open
            </option>
            <option
              value="INPROGRESS"
            >
              In Progress
            </option>
            <option
              value="CLOSED"
            >
              Close
            </option>
          </select>
        </div>
      </div>
      <div
        style="overflow-x: auto;"
      >
        <table>
          <tbody>
            <tr>
              <th
                class="tableHeader"
                id="title"
              >
                <span
                  style="cursor: pointer;"
                >
                  Title
                </span>
              </th>
              <th
                class="tableHeader"
                id="description"
              >
                <span
                  style="cursor: pointer;"
                >
                  Description
                </span>
              </th>
              <th
                class="tableHeader"
                id="priority"
              >
                <span
                  style="cursor: pointer;"
                >
                  Priority
                </span>
              </th>
              <th
                class="tableHeader"
                id="status"
              >
                <span
                  style="cursor: pointer;"
                >
                  Status
                </span>
              </th>
              <th
                class="tableHeader"
                id="createdAt"
              >
                <span
                  style="cursor: pointer;"
                >
                  CreatedAt
                </span>
              </th>
              <th
                class="tableHeader"
                id="updatedAt"
              >
                <span
                  style="cursor: pointer;"
                >
                  UpdatedAt
                </span>
              </th>
              <th
                id="actionHeader"
              />
            </tr>
          </tbody>
        </table>
      </div>
      <p
        style="align-self: center;"
      >
        Empty table Please create a ticket
      </p>
    </div>
  </div>
</DocumentFragment>
`;
